// Jest Snapshot v1, https://goo.gl/fbAQLP

exports[`AddUser has the expected html structure 1`] = `
<div
  id="add-user"
>
  <input
    list="user-list"
    placeholder="Username"
    type="text"
  />
   
  <datalist
    id="user-list"
  >
    <option
      value="[object Object]"
    />
    <option
      value="[object Object]"
    />
    <option
      value="[object Object]"
    />
  </datalist>
   
  <button>
    Add to board
  </button>
   
  <p>
    Current users:
  </p>
   
</div>
`;
