// Jest Snapshot v1, https://goo.gl/fbAQLP

exports[`App has the expected html structure 1`] = `
<div
  id="app"
>
  <navigation-stub />
   
  <router-view-stub />
   
  <img
    src="https://www.departures.com/sites/default/files/styles/responsive_900x600/public/1577142212/chureito-pagoda-MTFUJI1219.jpg?itok=Z9hDcHlz"
  />
</div>
`;
