// Jest Snapshot v1, https://goo.gl/fbAQLP

exports[`Board.spec.js has the expected html structure 1`] = `
<div
  class="overview"
>
  <h1>
    Choose ur board
  </h1>
   
  <div>
    <router-link
      to="/board"
    >
      <div
        id="boardprev"
      >
        <h2>
          Board 1
        </h2>
      </div>
    </router-link>
    <router-link
      to="/board"
    >
      <div
        id="boardprev"
      >
        <h2>
          Board 2
        </h2>
      </div>
    </router-link>
    <router-link
      to="/board"
    >
      <div
        id="boardprev"
      >
        <h2>
          Board 3
        </h2>
      </div>
    </router-link>
  </div>
</div>
`;
