// Jest Snapshot v1, https://goo.gl/fbAQLP

exports[`Card.spec.js has the expected html structure 1`] = `
<div
  id="card"
>
  <p>
    test card
  </p>
   
  <p>
    test description for the card
  </p>
   
  <p>
    Priority: 
  </p>
   
  <p>
    Points: 
  </p>
   
  <p>
    Tag
  </p>
   
  <p>
    Task
  </p>
</div>
`;
