// Jest Snapshot v1, https://goo.gl/fbAQLP

exports[`Card has the expected html structure 1`] = `
<div
  id="card"
>
  <h3>
    test card
  </h3>
   
  <!---->
   
  <p>
    test description for the card
  </p>
   
  <!---->
   
  <p>
    Priority: high
  </p>
   
  <!---->
   
  <p>
    Points: 5
  </p>
   
  <!---->
   
  <p>
    Tag
  </p>
   
  <p>
    Task
  </p>
</div>
`;
