// Jest Snapshot v1, https://goo.gl/fbAQLP

exports[`Card has the expected html structure 1`] = `
<div
  id="card"
>
  <button
    id="close"
  >
    ×
  </button>
   
  <h3>
    test card
  </h3>
   
  <!---->
   
  <!---->
   
  <span>
    Priority: 
  </span>
   
  <span>
    high
  </span>
   
  <!---->
   
  <span>
     - 
  </span>
   
  <span>
    Points: 
  </span>
   
  <span>
    5
  </span>
   
  <!---->
   
  <p>
    <strong>
      Description
    </strong>
  </p>
   
  <div>
    <!---->
     
    <p>
      test description for the card
    </p>
  </div>
   
  <!---->
</div>
`;
