// Jest Snapshot v1, https://goo.gl/fbAQLP

exports[`Board has the expected html structure 1`] = `
<div
  class="board"
>
  <h1
    class="title"
  >
    
  </h1>
   
  <div
    id="add-user-button"
  >
    <span>
      +
    </span>
     
    <span>
       Add user
    </span>
  </div>
   
  <!---->
   
  <timeline-stub
    timeline=""
  />
   
  <div
    id="columns"
  >
     
    <div
      class=""
      id="createColumn"
    >
      <p>
        + Add column
      </p>
       
      <!---->
    </div>
  </div>
</div>
`;
